Microchip MPLAB XC8 Compiler V2.10 ()

Linker command line:

-W-3 --edf=C:\Program Files (x86)\Microchip\xc8\v2.10\pic\dat\en_msgs.txt \
  -cs -h+dist/default/production\Aula3.X.production.sym \
  --cmf=dist/default/production\Aula3.X.production.cmf -z -Q12F675 \
  -oC:\Users\ulisses\AppData\Local\Temp\s3h8.2 --defsym=__MPLAB_BUILD=1 \
  -Mdist/default/production/Aula3.X.production.map -E1 -ver=XC8 \
  --acfsm=1493 -ASTACK=022h-05Dh -pstack=STACK -ACODE=00h-03FEh \
  -ASTRCODE=00h-03FEh -ASTRING=00h-0FFhx3,0300h-03FEh \
  -ACONST=00h-0FFhx3,0300h-03FEh -AENTRY=00h-0FFhx3,0300h-03FEh \
  -ABANK0=020h-05Dh -ARAM=020h-05Dh -AABS1=020h-05Fh -ACOMMON=05Eh-05Fh \
  -ASFR0=00h-01Fh -ASFR1=080h-0DDh -preset_vec=00h,intentry,init,end_init \
  -ppowerup=CODE -pcinit=CODE -pfunctab=ENTRY -ACONFIG=02007h-02007h \
  -pconfig=CONFIG -DCONFIG=2 -AIDLOC=02000h-02003h -pidloc=IDLOC -DIDLOC=2 \
  -AEEDATA=00h-07Fh/02100h -peeprom_data=EEDATA -DEEDATA=2 -posccal=03FFh \
  -DCODE=2 -DSTRCODE=2 -DSTRING=2 -DCONST=2 -DENTRY=2 -k \
  C:\Users\ulisses\AppData\Local\Temp\s3h8.o \
  dist/default/production\Aula3.X.production.o 

Object code version is 3.11

Machine type is 12F675



                Name                               Link     Load   Length Selector   Space Scale
C:\Users\ulisses\AppData\Local\Temp\s3h8.o
                end_init                              0        0        1        0       0
dist/default/production\Aula3.X.production.o
                cinit                               3FD      3FD        2      7FA       0
                maintext                            3DA      3DA       23      7B4       0
                cstackBANK0                          20       20        2       20       1

TOTAL           Name                               Link     Load   Length     Space
        CLASS   STACK          

        CLASS   CODE           
                end_init                              0        0        1         0
                cinit                               3FD      3FD        2         0
                maintext                            3DA      3DA       23         0

        CLASS   STRCODE        

        CLASS   STRING         

        CLASS   CONST          

        CLASS   ENTRY          

        CLASS   BANK0          
                cstackBANK0                          20       20        2         1

        CLASS   RAM            

        CLASS   ABS1           
                abs_s1                               5E       5E        2         1

        CLASS   COMMON         

        CLASS   SFR0           

        CLASS   SFR1           

        CLASS   CONFIG         

        CLASS   IDLOC          

        CLASS   EEDATA         

        CLASS   BANK1          



SEGMENTS        Name                           Load    Length   Top    Selector   Space  Class     Delta

                reset_vec                      000000  000001  000001         0       0  CODE        2
                cstackBANK0                    000020  000002  000022        20       1  BANK0       1
                maintext                       0003DA  000023  0003FD       7B4       0  CODE        2
                cinit                          0003FD  000002  0003FF       7FA       0  CODE        2


UNUSED ADDRESS RANGES

        Name                Unused          Largest block    Delta
        BANK0            022-05D            3C           1
        CODE             001-3D9           3D9           2
        CONFIG           2007-2007             1           2
        CONST            001-3D9           100           2
        EEDATA           2100-217F            80           2
        ENTRY            001-3D9           100           2
        IDLOC            2000-2003             4           2
        RAM              022-05D            3C           1
        SFR0             000-01F            20           1
        SFR1             080-0DD            5E           1
        STACK            022-05D            3C           1
        STRCODE          001-3D9           3D9           2
        STRING           001-3D9           100           2

                                  Symbol Table

_ANSEL                   (abs)       09F
_CMCON                   (abs)       019
_GPIO                    (abs)       005
_TRISIO                  (abs)       085
__Habs1                  abs1        7FE
__Hbank0                 bank0       7FE
__Hbank1                 bank1       7FE
__Hcinit                 cinit       3FF
__Hclrtext               clrtext     7FE
__Hcode                  code        7FE
__Hcommon                common      7FE
__Hconfig                config      000
__HcstackBANK0           cstackBANK0 7FE
__Heeprom_data           eeprom_data 000
__Hend_init              end_init    001
__Hfunctab               functab     000
__Hidloc                 idloc       000
__Hinit                  init        000
__Hintentry              intentry    000
__Hmaintext              maintext    7FE
__Hosccal                osccal      3FF
__Hpowerup               powerup     000
__Hram                   ram         7FE
__Hreset_vec             reset_vec   000
__Hsfr0                  sfr0        7FE
__Hsfr1                  sfr1        7FE
__Hspace_0               (abs)       7FE
__Hspace_1               (abs)       7FE
__Hspace_2               (abs)       000
__Hspace_3               (abs)       000
__Hstack                 stack       000
__Hstrings               strings     7FE
__Htext                  text        7FE
__Labs1                  abs1        7FE
__Lbank0                 bank0       7FE
__Lbank1                 bank1       7FE
__Lcinit                 cinit       3FD
__Lclrtext               clrtext     7FE
__Lcode                  code        7FE
__Lcommon                common      7FE
__Lconfig                config      000
__LcstackBANK0           cstackBANK0 7FE
__Leeprom_data           eeprom_data 000
__Lend_init              end_init    000
__Lfunctab               functab     000
__Lidloc                 idloc       000
__Linit                  init        000
__Lintentry              intentry    000
__Lmaintext              maintext    7FE
__Losccal                osccal      3FF
__Lpowerup               powerup     000
__Lram                   ram         7FE
__Lreset_vec             reset_vec   000
__Lsfr0                  sfr0        7FE
__Lsfr1                  sfr1        7FE
__Lspace_0               (abs)       000
__Lspace_1               (abs)       000
__Lspace_2               (abs)       000
__Lspace_3               (abs)       000
__Lstack                 stack       000
__Lstrings               strings     7FE
__Ltext                  text        7FE
__S0                     (abs)       3FF
__S1                     (abs)       022
__S2                     (abs)       000
__S3                     (abs)       000
___int_sp                stack       000
___latbits               (abs)       000
___osccal_val            osccal      3FF
___sp                    stack       000
___stackhi               (abs)       000
___stacklo               (abs)       000
__end_of__initialization cinit       3FD
__end_of_main            maintext    3FD
__initialization         cinit       3FD
__pcstackBANK0           cstackBANK0 020
__pmaintext              maintext    3DA
__size_of_main           (abs)       000
_main                    maintext    3DA
btemp                    (abs)       05E
end_of_initialization    cinit       3FD
intlevel0                functab     000
intlevel1                functab     000
intlevel2                functab     000
intlevel3                functab     000
intlevel4                functab     000
intlevel5                functab     000
reset_vec                reset_vec   000
start                    init        000
start_initialization     cinit       3FD
wtemp0                   (abs)       05E


FUNCTION INFORMATION:

 *************** function _main *****************
 Defined at:
		line 21 in file "A3.c"
 Parameters:    Size  Location     Type
		None
 Auto vars:     Size  Location     Type
		None
 Return value:  Size  Location     Type
                  1    wreg      void 
 Registers used:
		wreg, status,2
 Tracked objects:
		On entry : 
		On exit  : 
		Unchanged: 
 Data sizes:     COMMON   BANK0
      Params:         0       0
      Locals:         0       0
      Temps:          0       2
      Totals:         0       2
Total ram usage:        2 bytes
 This function calls:
		Nothing
 This function is called by:
		Startup code after reset
 This function uses a non-reentrant model



MODULE INFORMATION

Module		Function		Class		Link	Load	Size
A3.c
		_main          		CODE           	03DA	0000	36

A3.c estimated size: 36

shared
		__initialization		CODE           	03FD	0000	1

shared estimated size: 1

